Hold: 'clock_50_1' report for BitcoinMiner
Tue Dec 16 22:15:07 2014
Quartus II 32-bit Version 13.0.1 Build 232 06/12/2013 Service Pack 1 SJ Full Version


---------------------
; Table of Contents ;
---------------------
  1. Legal Notice
  2. Slow 1200mV 0C Model Hold: 'clock_50_1'



----------------
; Legal Notice ;
----------------
Copyright (C) 1991-2013 Altera Corporation
Your use of Altera Corporation's design tools, logic functions 
and other software and tools, and its AMPP partner logic 
functions, and any output files from any of the foregoing 
(including device programming or simulation files), and any 
associated documentation or information are expressly subject 
to the terms and conditions of the Altera Program License 
Subscription Agreement, Altera MegaCore Function License 
Agreement, or other applicable license agreement, including, 
without limitation, that your use is for the sole purpose of 
programming logic devices manufactured by Altera and sold by 
Altera or its authorized distributors.  Please refer to the 
applicable agreement for further details.



+-------------------------------------------------------------------------------------------------------------------------------------------------------------------------------------------------------------------------------------------------------------------------------------------+
; Slow 1200mV 0C Model Hold: 'clock_50_1'                                                                                                                                                                                                                                                   ;
+-------+-------------------------------------------------------------------------------------------------------+-----------------------------------------------------------------------------------------------------+--------------+-------------+--------------+------------+------------+
; Slack ; From Node                                                                                             ; To Node                                                                                             ; Launch Clock ; Latch Clock ; Relationship ; Clock Skew ; Data Delay ;
+-------+-------------------------------------------------------------------------------------------------------+-----------------------------------------------------------------------------------------------------+--------------+-------------+--------------+------------+------------+
; 0.343 ; design_core:design_core_inst|sha_block:SHA|sha_core:cre[0].core|sha256:sha256Block|h7[24]             ; design_core:design_core_inst|sha_block:SHA|sha_core:cre[0].core|sha256:sha256Block|h7[24]           ; clock_50_1   ; clock_50_1  ; 0.000        ; 0.083      ; 0.597      ;
; 0.344 ; design_core:design_core_inst|controller_proj:CTRL|cur_state[1]                                        ; design_core:design_core_inst|controller_proj:CTRL|cur_state[1]                                      ; clock_50_1   ; clock_50_1  ; 0.000        ; 0.082      ; 0.597      ;
; 0.344 ; LEDG[5]~reg0                                                                                          ; LEDG[5]~reg0                                                                                        ; clock_50_1   ; clock_50_1  ; 0.000        ; 0.082      ; 0.597      ;
; 0.345 ; user_logic:user_logic_inst|r_address[2]                                                               ; user_logic:user_logic_inst|r_address[2]                                                             ; clock_50_1   ; clock_50_1  ; 0.000        ; 0.081      ; 0.597      ;
; 0.345 ; user_logic:user_logic_inst|r_address[3]                                                               ; user_logic:user_logic_inst|r_address[3]                                                             ; clock_50_1   ; clock_50_1  ; 0.000        ; 0.081      ; 0.597      ;
; 0.345 ; user_logic:user_logic_inst|r_address[4]                                                               ; user_logic:user_logic_inst|r_address[4]                                                             ; clock_50_1   ; clock_50_1  ; 0.000        ; 0.081      ; 0.597      ;
; 0.345 ; user_logic:user_logic_inst|r_address[5]                                                               ; user_logic:user_logic_inst|r_address[5]                                                             ; clock_50_1   ; clock_50_1  ; 0.000        ; 0.081      ; 0.597      ;
; 0.345 ; user_logic:user_logic_inst|r_address[6]                                                               ; user_logic:user_logic_inst|r_address[6]                                                             ; clock_50_1   ; clock_50_1  ; 0.000        ; 0.081      ; 0.597      ;
; 0.345 ; user_logic:user_logic_inst|r_address[7]                                                               ; user_logic:user_logic_inst|r_address[7]                                                             ; clock_50_1   ; clock_50_1  ; 0.000        ; 0.081      ; 0.597      ;
; 0.345 ; user_logic:user_logic_inst|r_address[8]                                                               ; user_logic:user_logic_inst|r_address[8]                                                             ; clock_50_1   ; clock_50_1  ; 0.000        ; 0.081      ; 0.597      ;
; 0.345 ; user_logic:user_logic_inst|r_address[9]                                                               ; user_logic:user_logic_inst|r_address[9]                                                             ; clock_50_1   ; clock_50_1  ; 0.000        ; 0.081      ; 0.597      ;
; 0.345 ; user_logic:user_logic_inst|r_address[12]                                                              ; user_logic:user_logic_inst|r_address[12]                                                            ; clock_50_1   ; clock_50_1  ; 0.000        ; 0.081      ; 0.597      ;
; 0.345 ; user_logic:user_logic_inst|r_address[13]                                                              ; user_logic:user_logic_inst|r_address[13]                                                            ; clock_50_1   ; clock_50_1  ; 0.000        ; 0.081      ; 0.597      ;
; 0.345 ; user_logic:user_logic_inst|r_address[14]                                                              ; user_logic:user_logic_inst|r_address[14]                                                            ; clock_50_1   ; clock_50_1  ; 0.000        ; 0.081      ; 0.597      ;
; 0.345 ; user_logic:user_logic_inst|r_address[15]                                                              ; user_logic:user_logic_inst|r_address[15]                                                            ; clock_50_1   ; clock_50_1  ; 0.000        ; 0.081      ; 0.597      ;
; 0.345 ; user_logic:user_logic_inst|r_address[16]                                                              ; user_logic:user_logic_inst|r_address[16]                                                            ; clock_50_1   ; clock_50_1  ; 0.000        ; 0.081      ; 0.597      ;
; 0.345 ; user_logic:user_logic_inst|r_address[17]                                                              ; user_logic:user_logic_inst|r_address[17]                                                            ; clock_50_1   ; clock_50_1  ; 0.000        ; 0.081      ; 0.597      ;
; 0.345 ; user_logic:user_logic_inst|r_address[18]                                                              ; user_logic:user_logic_inst|r_address[18]                                                            ; clock_50_1   ; clock_50_1  ; 0.000        ; 0.081      ; 0.597      ;
; 0.345 ; user_logic:user_logic_inst|r_address[19]                                                              ; user_logic:user_logic_inst|r_address[19]                                                            ; clock_50_1   ; clock_50_1  ; 0.000        ; 0.081      ; 0.597      ;
; 0.345 ; user_logic:user_logic_inst|r_address[20]                                                              ; user_logic:user_logic_inst|r_address[20]                                                            ; clock_50_1   ; clock_50_1  ; 0.000        ; 0.081      ; 0.597      ;
; 0.345 ; user_logic:user_logic_inst|r_address[21]                                                              ; user_logic:user_logic_inst|r_address[21]                                                            ; clock_50_1   ; clock_50_1  ; 0.000        ; 0.081      ; 0.597      ;
; 0.345 ; user_logic:user_logic_inst|r_address[22]                                                              ; user_logic:user_logic_inst|r_address[22]                                                            ; clock_50_1   ; clock_50_1  ; 0.000        ; 0.081      ; 0.597      ;
; 0.345 ; user_logic:user_logic_inst|r_address[23]                                                              ; user_logic:user_logic_inst|r_address[23]                                                            ; clock_50_1   ; clock_50_1  ; 0.000        ; 0.081      ; 0.597      ;
; 0.345 ; user_logic:user_logic_inst|r_address[24]                                                              ; user_logic:user_logic_inst|r_address[24]                                                            ; clock_50_1   ; clock_50_1  ; 0.000        ; 0.081      ; 0.597      ;
; 0.345 ; user_logic:user_logic_inst|r_address[25]                                                              ; user_logic:user_logic_inst|r_address[25]                                                            ; clock_50_1   ; clock_50_1  ; 0.000        ; 0.081      ; 0.597      ;
; 0.345 ; user_logic:user_logic_inst|r_address[26]                                                              ; user_logic:user_logic_inst|r_address[26]                                                            ; clock_50_1   ; clock_50_1  ; 0.000        ; 0.081      ; 0.597      ;
; 0.345 ; user_logic:user_logic_inst|r_address[27]                                                              ; user_logic:user_logic_inst|r_address[27]                                                            ; clock_50_1   ; clock_50_1  ; 0.000        ; 0.081      ; 0.597      ;
; 0.345 ; user_logic:user_logic_inst|wr_data[20]                                                                ; user_logic:user_logic_inst|wr_data[20]                                                              ; clock_50_1   ; clock_50_1  ; 0.000        ; 0.081      ; 0.597      ;
; 0.345 ; user_logic:user_logic_inst|wr_data[24]                                                                ; user_logic:user_logic_inst|wr_data[24]                                                              ; clock_50_1   ; clock_50_1  ; 0.000        ; 0.081      ; 0.597      ;
; 0.345 ; user_logic:user_logic_inst|wr_data[17]                                                                ; user_logic:user_logic_inst|wr_data[17]                                                              ; clock_50_1   ; clock_50_1  ; 0.000        ; 0.081      ; 0.597      ;
; 0.345 ; user_logic:user_logic_inst|wr_data[4]                                                                 ; user_logic:user_logic_inst|wr_data[4]                                                               ; clock_50_1   ; clock_50_1  ; 0.000        ; 0.081      ; 0.597      ;
; 0.345 ; user_logic:user_logic_inst|wr_data[8]                                                                 ; user_logic:user_logic_inst|wr_data[8]                                                               ; clock_50_1   ; clock_50_1  ; 0.000        ; 0.081      ; 0.597      ;
; 0.345 ; user_logic:user_logic_inst|wr_data[1]                                                                 ; user_logic:user_logic_inst|wr_data[1]                                                               ; clock_50_1   ; clock_50_1  ; 0.000        ; 0.081      ; 0.597      ;
; 0.345 ; LEDG[7]~reg0                                                                                          ; LEDG[7]~reg0                                                                                        ; clock_50_1   ; clock_50_1  ; 0.000        ; 0.081      ; 0.597      ;
; 0.346 ; user_logic:user_logic_inst|read_data[0]                                                               ; user_logic:user_logic_inst|read_data[0]                                                             ; clock_50_1   ; clock_50_1  ; 0.000        ; 0.080      ; 0.597      ;
; 0.346 ; user_logic:user_logic_inst|state[4]                                                                   ; user_logic:user_logic_inst|state[4]                                                                 ; clock_50_1   ; clock_50_1  ; 0.000        ; 0.080      ; 0.597      ;
; 0.346 ; user_logic:user_logic_inst|state[3]                                                                   ; user_logic:user_logic_inst|state[3]                                                                 ; clock_50_1   ; clock_50_1  ; 0.000        ; 0.080      ; 0.597      ;
; 0.346 ; LEDG[0]~reg0                                                                                          ; LEDG[0]~reg0                                                                                        ; clock_50_1   ; clock_50_1  ; 0.000        ; 0.080      ; 0.597      ;
; 0.346 ; user_logic:user_logic_inst|r_address[10]                                                              ; user_logic:user_logic_inst|r_address[10]                                                            ; clock_50_1   ; clock_50_1  ; 0.000        ; 0.080      ; 0.597      ;
; 0.346 ; user_logic:user_logic_inst|r_address[11]                                                              ; user_logic:user_logic_inst|r_address[11]                                                            ; clock_50_1   ; clock_50_1  ; 0.000        ; 0.080      ; 0.597      ;
; 0.355 ; design_core:design_core_inst|controller_proj:CTRL|cur_state[2]                                        ; design_core:design_core_inst|controller_proj:CTRL|cur_state[2]                                      ; clock_50_1   ; clock_50_1  ; 0.000        ; 0.082      ; 0.608      ;
; 0.355 ; design_core:design_core_inst|timer_proj:TMR|counter:CTR1|q_cnt[4]                                     ; design_core:design_core_inst|timer_proj:TMR|counter:CTR1|q_cnt[4]                                   ; clock_50_1   ; clock_50_1  ; 0.000        ; 0.082      ; 0.608      ;
; 0.363 ; design_core:design_core_inst|sha_block:SHA|sha_core:cre[0].core|sha256:sha256Block|currentWord[196]   ; design_core:design_core_inst|sha_block:SHA|sha_core:cre[0].core|sha256:sha256Block|currentWord[132] ; clock_50_1   ; clock_50_1  ; 0.000        ; 0.100      ; 0.634      ;
; 0.379 ; design_core:design_core_inst|sha_block:SHA|sha_core:cre[0].core|sha256:sha256Block|currentWord[101]   ; design_core:design_core_inst|sha_block:SHA|sha_core:cre[0].core|sha256:sha256Block|currentWord[37]  ; clock_50_1   ; clock_50_1  ; 0.000        ; 0.083      ; 0.633      ;
; 0.380 ; design_core:design_core_inst|sha_block:SHA|sha_core:cre[0].core|sha256:sha256Block|currentWord[167]   ; design_core:design_core_inst|sha_block:SHA|sha_core:cre[0].core|sha256:sha256Block|currentWord[103] ; clock_50_1   ; clock_50_1  ; 0.000        ; 0.083      ; 0.634      ;
; 0.381 ; design_core:design_core_inst|sha_block:SHA|sha_core:cre[0].core|sha256:sha256Block|currentWord[259]   ; design_core:design_core_inst|sha_block:SHA|sha_core:cre[0].core|sha256:sha256Block|currentWord[195] ; clock_50_1   ; clock_50_1  ; 0.000        ; 0.082      ; 0.634      ;
; 0.381 ; design_core:design_core_inst|sha_block:SHA|sha_core:cre[0].core|sha256:sha256Block|currentWord[147]   ; design_core:design_core_inst|sha_block:SHA|sha_core:cre[0].core|sha256:sha256Block|currentWord[83]  ; clock_50_1   ; clock_50_1  ; 0.000        ; 0.083      ; 0.635      ;
; 0.381 ; design_core:design_core_inst|sha_block:SHA|sha_core:cre[0].core|sha256:sha256Block|currentWord[145]   ; design_core:design_core_inst|sha_block:SHA|sha_core:cre[0].core|sha256:sha256Block|currentWord[81]  ; clock_50_1   ; clock_50_1  ; 0.000        ; 0.082      ; 0.634      ;
; 0.381 ; design_core:design_core_inst|sha_block:SHA|sha_core:cre[0].core|sha256:sha256Block|currentWord[105]   ; design_core:design_core_inst|sha_block:SHA|sha_core:cre[0].core|sha256:sha256Block|currentWord[41]  ; clock_50_1   ; clock_50_1  ; 0.000        ; 0.082      ; 0.634      ;
; 0.381 ; design_core:design_core_inst|sha_block:SHA|sha_core:cre[0].core|sha256:sha256Block|currentWord[183]   ; design_core:design_core_inst|sha_block:SHA|sha_core:cre[0].core|sha256:sha256Block|currentWord[119] ; clock_50_1   ; clock_50_1  ; 0.000        ; 0.082      ; 0.634      ;
; 0.381 ; design_core:design_core_inst|sha_block:SHA|sha_core:cre[0].core|sha256:sha256Block|currentWord[182]   ; design_core:design_core_inst|sha_block:SHA|sha_core:cre[0].core|sha256:sha256Block|currentWord[118] ; clock_50_1   ; clock_50_1  ; 0.000        ; 0.082      ; 0.634      ;
; 0.381 ; design_core:design_core_inst|sha_block:SHA|sha_core:cre[0].core|sha256:sha256Block|currentWord[108]   ; design_core:design_core_inst|sha_block:SHA|sha_core:cre[0].core|sha256:sha256Block|currentWord[44]  ; clock_50_1   ; clock_50_1  ; 0.000        ; 0.082      ; 0.634      ;
; 0.381 ; design_core:design_core_inst|sha_block:SHA|sha_core:cre[0].core|sha256:sha256Block|currentWord[226]   ; design_core:design_core_inst|sha_block:SHA|sha_core:cre[0].core|sha256:sha256Block|currentWord[162] ; clock_50_1   ; clock_50_1  ; 0.000        ; 0.082      ; 0.634      ;
; 0.381 ; design_core:design_core_inst|sha_block:SHA|sha_core:cre[0].core|sha256:sha256Block|currentWord[225]   ; design_core:design_core_inst|sha_block:SHA|sha_core:cre[0].core|sha256:sha256Block|currentWord[161] ; clock_50_1   ; clock_50_1  ; 0.000        ; 0.082      ; 0.634      ;
; 0.381 ; design_core:design_core_inst|sha_block:SHA|sha_core:cre[0].core|sha256:sha256Block|currentWord[224]   ; design_core:design_core_inst|sha_block:SHA|sha_core:cre[0].core|sha256:sha256Block|currentWord[160] ; clock_50_1   ; clock_50_1  ; 0.000        ; 0.082      ; 0.634      ;
; 0.381 ; design_core:design_core_inst|sha_block:SHA|sha_core:cre[0].core|sha256:sha256Block|currentWord[96]    ; design_core:design_core_inst|sha_block:SHA|sha_core:cre[0].core|sha256:sha256Block|currentWord[32]  ; clock_50_1   ; clock_50_1  ; 0.000        ; 0.082      ; 0.634      ;
; 0.381 ; design_core:design_core_inst|sha_block:SHA|sha_core:cre[0].core|hash_checker:hashchk|nonce_stored[4]  ; design_core:design_core_inst|sha_block:SHA|sha_output_manager:outputManager|rf[4]                   ; clock_50_1   ; clock_50_1  ; 0.000        ; 0.081      ; 0.633      ;
; 0.382 ; design_core:design_core_inst|sha_block:SHA|sha_core:cre[0].core|hash_checker:hashchk|nonce_stored[21] ; design_core:design_core_inst|sha_block:SHA|sha_output_manager:outputManager|rf[21]                  ; clock_50_1   ; clock_50_1  ; 0.000        ; 0.081      ; 0.634      ;
; 0.382 ; design_core:design_core_inst|sha_block:SHA|sha_core:cre[0].core|sha256:sha256Block|currentWord[238]   ; design_core:design_core_inst|sha_block:SHA|sha_core:cre[0].core|sha256:sha256Block|currentWord[174] ; clock_50_1   ; clock_50_1  ; 0.000        ; 0.082      ; 0.635      ;
; 0.382 ; design_core:design_core_inst|sha_block:SHA|sha_core:cre[0].core|sha256:sha256Block|currentWord[190]   ; design_core:design_core_inst|sha_block:SHA|sha_core:cre[0].core|sha256:sha256Block|currentWord[126] ; clock_50_1   ; clock_50_1  ; 0.000        ; 0.082      ; 0.635      ;
; 0.382 ; design_core:design_core_inst|sha_block:SHA|sha_core:cre[0].core|sha256:sha256Block|currentWord[388]   ; design_core:design_core_inst|sha_block:SHA|sha_core:cre[0].core|sha256:sha256Block|currentWord[324] ; clock_50_1   ; clock_50_1  ; 0.000        ; 0.082      ; 0.635      ;
; 0.382 ; design_core:design_core_inst|sha_block:SHA|sha_core:cre[0].core|sha256:sha256Block|currentWord[228]   ; design_core:design_core_inst|sha_block:SHA|sha_core:cre[0].core|sha256:sha256Block|currentWord[164] ; clock_50_1   ; clock_50_1  ; 0.000        ; 0.082      ; 0.635      ;
; 0.382 ; design_core:design_core_inst|sha_block:SHA|sha_core:cre[0].core|sha256:sha256Block|currentWord[246]   ; design_core:design_core_inst|sha_block:SHA|sha_core:cre[0].core|sha256:sha256Block|currentWord[182] ; clock_50_1   ; clock_50_1  ; 0.000        ; 0.082      ; 0.635      ;
; 0.382 ; design_core:design_core_inst|sha_block:SHA|sha_core:cre[0].core|sha256:sha256Block|currentWord[114]   ; design_core:design_core_inst|sha_block:SHA|sha_core:cre[0].core|sha256:sha256Block|currentWord[50]  ; clock_50_1   ; clock_50_1  ; 0.000        ; 0.082      ; 0.635      ;
; 0.382 ; design_core:design_core_inst|sha_block:SHA|sha_core:cre[0].core|sha256:sha256Block|currentWord[239]   ; design_core:design_core_inst|sha_block:SHA|sha_core:cre[0].core|sha256:sha256Block|currentWord[175] ; clock_50_1   ; clock_50_1  ; 0.000        ; 0.082      ; 0.635      ;
; 0.382 ; design_core:design_core_inst|sha_block:SHA|sha_core:cre[0].core|sha256:sha256Block|currentWord[175]   ; design_core:design_core_inst|sha_block:SHA|sha_core:cre[0].core|sha256:sha256Block|currentWord[111] ; clock_50_1   ; clock_50_1  ; 0.000        ; 0.082      ; 0.635      ;
; 0.382 ; design_core:design_core_inst|sha_block:SHA|sha_core:cre[0].core|sha256:sha256Block|currentWord[111]   ; design_core:design_core_inst|sha_block:SHA|sha_core:cre[0].core|sha256:sha256Block|currentWord[47]  ; clock_50_1   ; clock_50_1  ; 0.000        ; 0.082      ; 0.635      ;
; 0.382 ; design_core:design_core_inst|sha_block:SHA|sha_core:cre[0].core|sha256:sha256Block|currentWord[257]   ; design_core:design_core_inst|sha_block:SHA|sha_core:cre[0].core|sha256:sha256Block|currentWord[193] ; clock_50_1   ; clock_50_1  ; 0.000        ; 0.083      ; 0.636      ;
; 0.382 ; design_core:design_core_inst|sha_block:SHA|sha_core:cre[0].core|hash_checker:hashchk|nonce_stored[22] ; design_core:design_core_inst|sha_block:SHA|sha_output_manager:outputManager|rf[22]                  ; clock_50_1   ; clock_50_1  ; 0.000        ; 0.081      ; 0.634      ;
; 0.382 ; design_core:design_core_inst|sha_block:SHA|sha_core:cre[0].core|hash_checker:hashchk|nonce_stored[6]  ; design_core:design_core_inst|sha_block:SHA|sha_output_manager:outputManager|rf[6]                   ; clock_50_1   ; clock_50_1  ; 0.000        ; 0.081      ; 0.634      ;
; 0.382 ; design_core:design_core_inst|sha_block:SHA|sha_core:cre[0].core|hash_checker:hashchk|nonce_stored[3]  ; design_core:design_core_inst|sha_block:SHA|sha_output_manager:outputManager|rf[3]                   ; clock_50_1   ; clock_50_1  ; 0.000        ; 0.081      ; 0.634      ;
; 0.383 ; design_core:design_core_inst|sha_block:SHA|sha_core:cre[0].core|hash_checker:hashchk|nonce_stored[29] ; design_core:design_core_inst|sha_block:SHA|sha_output_manager:outputManager|rf[29]                  ; clock_50_1   ; clock_50_1  ; 0.000        ; 0.080      ; 0.634      ;
; 0.383 ; design_core:design_core_inst|sha_block:SHA|sha_core:cre[0].core|hash_checker:hashchk|nonce_stored[11] ; design_core:design_core_inst|sha_block:SHA|sha_output_manager:outputManager|rf[11]                  ; clock_50_1   ; clock_50_1  ; 0.000        ; 0.080      ; 0.634      ;
; 0.383 ; design_core:design_core_inst|sha_block:SHA|sha_core:cre[0].core|hash_checker:hashchk|nonce_stored[0]  ; design_core:design_core_inst|sha_block:SHA|sha_output_manager:outputManager|rf[0]                   ; clock_50_1   ; clock_50_1  ; 0.000        ; 0.080      ; 0.634      ;
; 0.383 ; design_core:design_core_inst|sha_block:SHA|sha_core:cre[0].core|sha256:sha256Block|currentWord[102]   ; design_core:design_core_inst|sha_block:SHA|sha_core:cre[0].core|sha256:sha256Block|currentWord[38]  ; clock_50_1   ; clock_50_1  ; 0.000        ; 0.083      ; 0.637      ;
; 0.383 ; design_core:design_core_inst|sha_block:SHA|sha_core:cre[0].core|sha256:sha256Block|currentWord[233]   ; design_core:design_core_inst|sha_block:SHA|sha_core:cre[0].core|sha256:sha256Block|currentWord[169] ; clock_50_1   ; clock_50_1  ; 0.000        ; 0.082      ; 0.636      ;
; 0.383 ; design_core:design_core_inst|sha_block:SHA|sha_core:cre[0].core|sha256:sha256Block|currentWord[232]   ; design_core:design_core_inst|sha_block:SHA|sha_core:cre[0].core|sha256:sha256Block|currentWord[168] ; clock_50_1   ; clock_50_1  ; 0.000        ; 0.082      ; 0.636      ;
; 0.383 ; design_core:design_core_inst|sha_block:SHA|sha_core:cre[0].core|sha256:sha256Block|currentWord[237]   ; design_core:design_core_inst|sha_block:SHA|sha_core:cre[0].core|sha256:sha256Block|currentWord[173] ; clock_50_1   ; clock_50_1  ; 0.000        ; 0.082      ; 0.636      ;
; 0.383 ; design_core:design_core_inst|sha_block:SHA|sha_core:cre[0].core|sha256:sha256Block|currentWord[241]   ; design_core:design_core_inst|sha_block:SHA|sha_core:cre[0].core|sha256:sha256Block|currentWord[177] ; clock_50_1   ; clock_50_1  ; 0.000        ; 0.082      ; 0.636      ;
; 0.383 ; design_core:design_core_inst|sha_block:SHA|sha_core:cre[0].core|sha256:sha256Block|currentWord[191]   ; design_core:design_core_inst|sha_block:SHA|sha_core:cre[0].core|sha256:sha256Block|currentWord[127] ; clock_50_1   ; clock_50_1  ; 0.000        ; 0.082      ; 0.636      ;
; 0.383 ; design_core:design_core_inst|sha_block:SHA|sha_core:cre[0].core|sha256:sha256Block|currentWord[117]   ; design_core:design_core_inst|sha_block:SHA|sha_core:cre[0].core|sha256:sha256Block|currentWord[53]  ; clock_50_1   ; clock_50_1  ; 0.000        ; 0.082      ; 0.636      ;
; 0.383 ; design_core:design_core_inst|sha_block:SHA|sha_core:cre[0].core|sha256:sha256Block|currentWord[172]   ; design_core:design_core_inst|sha_block:SHA|sha_core:cre[0].core|sha256:sha256Block|currentWord[108] ; clock_50_1   ; clock_50_1  ; 0.000        ; 0.082      ; 0.636      ;
; 0.383 ; design_core:design_core_inst|sha_block:SHA|sha_core:cre[0].core|sha256:sha256Block|currentWord[170]   ; design_core:design_core_inst|sha_block:SHA|sha_core:cre[0].core|sha256:sha256Block|currentWord[106] ; clock_50_1   ; clock_50_1  ; 0.000        ; 0.082      ; 0.636      ;
; 0.383 ; design_core:design_core_inst|sha_block:SHA|sha_core:cre[0].core|sha256:sha256Block|currentWord[163]   ; design_core:design_core_inst|sha_block:SHA|sha_core:cre[0].core|sha256:sha256Block|currentWord[99]  ; clock_50_1   ; clock_50_1  ; 0.000        ; 0.082      ; 0.636      ;
; 0.383 ; design_core:design_core_inst|sha_block:SHA|sha_core:cre[0].core|hash_checker:hashchk|nonce_stored[23] ; design_core:design_core_inst|sha_block:SHA|sha_output_manager:outputManager|rf[23]                  ; clock_50_1   ; clock_50_1  ; 0.000        ; 0.081      ; 0.635      ;
; 0.383 ; design_core:design_core_inst|sha_block:SHA|sha_core:cre[0].core|hash_checker:hashchk|nonce_stored[26] ; design_core:design_core_inst|sha_block:SHA|sha_output_manager:outputManager|rf[26]                  ; clock_50_1   ; clock_50_1  ; 0.000        ; 0.081      ; 0.635      ;
; 0.383 ; design_core:design_core_inst|sha_block:SHA|sha_core:cre[0].core|hash_checker:hashchk|nonce_stored[5]  ; design_core:design_core_inst|sha_block:SHA|sha_output_manager:outputManager|rf[5]                   ; clock_50_1   ; clock_50_1  ; 0.000        ; 0.081      ; 0.635      ;
; 0.383 ; design_core:design_core_inst|sha_block:SHA|sha_core:cre[0].core|hash_checker:hashchk|nonce_stored[12] ; design_core:design_core_inst|sha_block:SHA|sha_output_manager:outputManager|rf[12]                  ; clock_50_1   ; clock_50_1  ; 0.000        ; 0.081      ; 0.635      ;
; 0.384 ; design_core:design_core_inst|sha_block:SHA|sha_core:cre[0].core|hash_checker:hashchk|nonce_stored[19] ; design_core:design_core_inst|sha_block:SHA|sha_output_manager:outputManager|rf[19]                  ; clock_50_1   ; clock_50_1  ; 0.000        ; 0.080      ; 0.635      ;
; 0.384 ; design_core:design_core_inst|sha_block:SHA|sha_core:cre[0].core|sha256:sha256Block|currentWord[160]   ; design_core:design_core_inst|sha_block:SHA|sha_core:cre[0].core|sha256:sha256Block|currentWord[96]  ; clock_50_1   ; clock_50_1  ; 0.000        ; 0.082      ; 0.637      ;
; 0.384 ; design_core:design_core_inst|sha_block:SHA|sha_core:cre[0].core|hash_checker:hashchk|nonce_stored[24] ; design_core:design_core_inst|sha_block:SHA|sha_output_manager:outputManager|rf[24]                  ; clock_50_1   ; clock_50_1  ; 0.000        ; 0.081      ; 0.636      ;
; 0.384 ; design_core:design_core_inst|sha_block:SHA|sha_core:cre[0].core|hash_checker:hashchk|nonce_stored[7]  ; design_core:design_core_inst|sha_block:SHA|sha_output_manager:outputManager|rf[7]                   ; clock_50_1   ; clock_50_1  ; 0.000        ; 0.081      ; 0.636      ;
; 0.384 ; design_core:design_core_inst|sha_block:SHA|sha_core:cre[0].core|hash_checker:hashchk|nonce_stored[8]  ; design_core:design_core_inst|sha_block:SHA|sha_output_manager:outputManager|rf[8]                   ; clock_50_1   ; clock_50_1  ; 0.000        ; 0.081      ; 0.636      ;
; 0.385 ; design_core:design_core_inst|sha_block:SHA|sha_core:cre[0].core|hash_checker:hashchk|nonce_stored[30] ; design_core:design_core_inst|sha_block:SHA|sha_output_manager:outputManager|rf[30]                  ; clock_50_1   ; clock_50_1  ; 0.000        ; 0.080      ; 0.636      ;
; 0.385 ; design_core:design_core_inst|sha_block:SHA|sha_core:cre[0].core|sha256:sha256Block|currentWord[150]   ; design_core:design_core_inst|sha_block:SHA|sha_core:cre[0].core|sha256:sha256Block|currentWord[86]  ; clock_50_1   ; clock_50_1  ; 0.000        ; 0.082      ; 0.638      ;
; 0.385 ; design_core:design_core_inst|sha_block:SHA|sha_output_manager:outputManager|rf[16]                    ; user_logic:user_logic_inst|nonce_found[16]                                                          ; clock_50_1   ; clock_50_1  ; 0.000        ; 0.082      ; 0.638      ;
; 0.386 ; design_core:design_core_inst|sha_block:SHA|sha_output_manager:outputManager|rf[18]                    ; user_logic:user_logic_inst|nonce_found[18]                                                          ; clock_50_1   ; clock_50_1  ; 0.000        ; 0.082      ; 0.639      ;
; 0.386 ; design_core:design_core_inst|sha_block:SHA|sha_output_manager:outputManager|rf[28]                    ; user_logic:user_logic_inst|nonce_found[28]                                                          ; clock_50_1   ; clock_50_1  ; 0.000        ; 0.081      ; 0.638      ;
; 0.387 ; design_core:design_core_inst|sha_block:SHA|sha_output_manager:outputManager|rf[31]                    ; user_logic:user_logic_inst|nonce_found[31]                                                          ; clock_50_1   ; clock_50_1  ; 0.000        ; 0.081      ; 0.639      ;
; 0.389 ; design_core:design_core_inst|timer_proj:TMR|counter:CTR1|q_cnt[4]                                     ; design_core:design_core_inst|timer_proj:TMR|counter:CTR1|q_cnt[3]                                   ; clock_50_1   ; clock_50_1  ; 0.000        ; 0.082      ; 0.642      ;
+-------+-------------------------------------------------------------------------------------------------------+-----------------------------------------------------------------------------------------------------+--------------+-------------+--------------+------------+------------+


