------------------------------------------------------------
TimeQuest Timing Analyzer Summary
------------------------------------------------------------

Type  : Slow 1200mV 85C Model Setup 'clock_50_1'
Slack : -2.557
TNS   : -928.596

Type  : Slow 1200mV 85C Model Setup 'amm_master_inst|pcie_ip|pcie_internal_hip|cyclone_iii.cycloneiv_hssi_pcie_hip|coreclkout'
Slack : -2.083
TNS   : -153.975

Type  : Slow 1200mV 85C Model Setup 'n/a'
Slack : 14.042
TNS   : 0.000

Type  : Slow 1200mV 85C Model Setup 'altera_reserved_tck'
Slack : 45.021
TNS   : 0.000

Type  : Slow 1200mV 85C Model Hold 'clock_50_1'
Slack : 0.245
TNS   : 0.000

Type  : Slow 1200mV 85C Model Hold 'amm_master_inst|pcie_ip|pcie_internal_hip|cyclone_iii.cycloneiv_hssi_pcie_hip|coreclkout'
Slack : 0.246
TNS   : 0.000

Type  : Slow 1200mV 85C Model Hold 'altera_reserved_tck'
Slack : 0.366
TNS   : 0.000

Type  : Slow 1200mV 85C Model Hold 'n/a'
Slack : 5.368
TNS   : 0.000

Type  : Slow 1200mV 85C Model Recovery 'amm_master_inst|pcie_ip|pcie_internal_hip|cyclone_iii.cycloneiv_hssi_pcie_hip|coreclkout'
Slack : 3.731
TNS   : 0.000

Type  : Slow 1200mV 85C Model Recovery 'clock_50_1'
Slack : 11.777
TNS   : 0.000

Type  : Slow 1200mV 85C Model Recovery 'altera_reserved_tck'
Slack : 48.525
TNS   : 0.000

Type  : Slow 1200mV 85C Model Removal 'amm_master_inst|pcie_ip|pcie_internal_hip|cyclone_iii.cycloneiv_hssi_pcie_hip|coreclkout'
Slack : 1.031
TNS   : 0.000

Type  : Slow 1200mV 85C Model Removal 'altera_reserved_tck'
Slack : 1.122
TNS   : 0.000

Type  : Slow 1200mV 85C Model Removal 'clock_50_1'
Slack : 5.330
TNS   : 0.000

Type  : Slow 1200mV 85C Model Minimum Pulse Width 'amm_master_inst|pcie_ip|altgx_internal|amm_master_qsys_with_pcie_pcie_ip_altgx_internal_alt_c3gxb_6ni8_component|transmit_pcs0|hiptxclkout'
Slack : 2.000
TNS   : 0.000

Type  : Slow 1200mV 85C Model Minimum Pulse Width 'amm_master_inst|pcie_ip|altgx_internal|amm_master_qsys_with_pcie_pcie_ip_altgx_internal_alt_c3gxb_6ni8_component|transmit_pma0|clockout'
Slack : 2.000
TNS   : 0.000

Type  : Slow 1200mV 85C Model Minimum Pulse Width 'amm_master_inst|pcie_ip|pcie_internal_hip|cyclone_iii.cycloneiv_hssi_pcie_hip|coreclkout'
Slack : 3.581
TNS   : 0.000

Type  : Slow 1200mV 85C Model Minimum Pulse Width 'amm_master_inst|pcie_ip|pcie_internal_hip|cyclone_iii.cycloneiv_hssi_pcie_hip|pclkch0'
Slack : 3.977
TNS   : 0.000

Type  : Slow 1200mV 85C Model Minimum Pulse Width 'pcie_ref_clk'
Slack : 4.980
TNS   : 0.000

Type  : Slow 1200mV 85C Model Minimum Pulse Width 'clock_50_1'
Slack : 9.718
TNS   : 0.000

Type  : Slow 1200mV 85C Model Minimum Pulse Width 'altera_reserved_tck'
Slack : 49.724
TNS   : 0.000

Type  : Slow 1200mV 0C Model Setup 'amm_master_inst|pcie_ip|pcie_internal_hip|cyclone_iii.cycloneiv_hssi_pcie_hip|coreclkout'
Slack : -1.154
TNS   : -15.681

Type  : Slow 1200mV 0C Model Setup 'clock_50_1'
Slack : -0.524
TNS   : -7.095

Type  : Slow 1200mV 0C Model Setup 'n/a'
Slack : 14.525
TNS   : 0.000

Type  : Slow 1200mV 0C Model Setup 'altera_reserved_tck'
Slack : 45.343
TNS   : 0.000

Type  : Slow 1200mV 0C Model Hold 'amm_master_inst|pcie_ip|pcie_internal_hip|cyclone_iii.cycloneiv_hssi_pcie_hip|coreclkout'
Slack : 0.251
TNS   : 0.000

Type  : Slow 1200mV 0C Model Hold 'clock_50_1'
Slack : 0.252
TNS   : 0.000

Type  : Slow 1200mV 0C Model Hold 'altera_reserved_tck'
Slack : 0.343
TNS   : 0.000

Type  : Slow 1200mV 0C Model Hold 'n/a'
Slack : 4.909
TNS   : 0.000

Type  : Slow 1200mV 0C Model Recovery 'amm_master_inst|pcie_ip|pcie_internal_hip|cyclone_iii.cycloneiv_hssi_pcie_hip|coreclkout'
Slack : 4.129
TNS   : 0.000

Type  : Slow 1200mV 0C Model Recovery 'clock_50_1'
Slack : 12.547
TNS   : 0.000

Type  : Slow 1200mV 0C Model Recovery 'altera_reserved_tck'
Slack : 48.657
TNS   : 0.000

Type  : Slow 1200mV 0C Model Removal 'amm_master_inst|pcie_ip|pcie_internal_hip|cyclone_iii.cycloneiv_hssi_pcie_hip|coreclkout'
Slack : 0.937
TNS   : 0.000

Type  : Slow 1200mV 0C Model Removal 'altera_reserved_tck'
Slack : 1.026
TNS   : 0.000

Type  : Slow 1200mV 0C Model Removal 'clock_50_1'
Slack : 4.768
TNS   : 0.000

Type  : Slow 1200mV 0C Model Minimum Pulse Width 'amm_master_inst|pcie_ip|altgx_internal|amm_master_qsys_with_pcie_pcie_ip_altgx_internal_alt_c3gxb_6ni8_component|transmit_pcs0|hiptxclkout'
Slack : 2.000
TNS   : 0.000

Type  : Slow 1200mV 0C Model Minimum Pulse Width 'amm_master_inst|pcie_ip|altgx_internal|amm_master_qsys_with_pcie_pcie_ip_altgx_internal_alt_c3gxb_6ni8_component|transmit_pma0|clockout'
Slack : 2.000
TNS   : 0.000

Type  : Slow 1200mV 0C Model Minimum Pulse Width 'amm_master_inst|pcie_ip|pcie_internal_hip|cyclone_iii.cycloneiv_hssi_pcie_hip|coreclkout'
Slack : 3.524
TNS   : 0.000

Type  : Slow 1200mV 0C Model Minimum Pulse Width 'amm_master_inst|pcie_ip|pcie_internal_hip|cyclone_iii.cycloneiv_hssi_pcie_hip|pclkch0'
Slack : 3.971
TNS   : 0.000

Type  : Slow 1200mV 0C Model Minimum Pulse Width 'pcie_ref_clk'
Slack : 4.975
TNS   : 0.000

Type  : Slow 1200mV 0C Model Minimum Pulse Width 'clock_50_1'
Slack : 9.703
TNS   : 0.000

Type  : Slow 1200mV 0C Model Minimum Pulse Width 'altera_reserved_tck'
Slack : 49.719
TNS   : 0.000

Type  : Fast 1200mV 0C Model Setup 'amm_master_inst|pcie_ip|pcie_internal_hip|cyclone_iii.cycloneiv_hssi_pcie_hip|coreclkout'
Slack : 3.113
TNS   : 0.000

Type  : Fast 1200mV 0C Model Setup 'clock_50_1'
Slack : 8.638
TNS   : 0.000

Type  : Fast 1200mV 0C Model Setup 'n/a'
Slack : 16.911
TNS   : 0.000

Type  : Fast 1200mV 0C Model Setup 'altera_reserved_tck'
Slack : 47.786
TNS   : 0.000

Type  : Fast 1200mV 0C Model Hold 'clock_50_1'
Slack : 0.083
TNS   : 0.000

Type  : Fast 1200mV 0C Model Hold 'amm_master_inst|pcie_ip|pcie_internal_hip|cyclone_iii.cycloneiv_hssi_pcie_hip|coreclkout'
Slack : 0.084
TNS   : 0.000

Type  : Fast 1200mV 0C Model Hold 'altera_reserved_tck'
Slack : 0.160
TNS   : 0.000

Type  : Fast 1200mV 0C Model Hold 'n/a'
Slack : 2.713
TNS   : 0.000

Type  : Fast 1200mV 0C Model Recovery 'amm_master_inst|pcie_ip|pcie_internal_hip|cyclone_iii.cycloneiv_hssi_pcie_hip|coreclkout'
Slack : 5.752
TNS   : 0.000

Type  : Fast 1200mV 0C Model Recovery 'clock_50_1'
Slack : 15.469
TNS   : 0.000

Type  : Fast 1200mV 0C Model Recovery 'altera_reserved_tck'
Slack : 49.608
TNS   : 0.000

Type  : Fast 1200mV 0C Model Removal 'amm_master_inst|pcie_ip|pcie_internal_hip|cyclone_iii.cycloneiv_hssi_pcie_hip|coreclkout'
Slack : 0.492
TNS   : 0.000

Type  : Fast 1200mV 0C Model Removal 'altera_reserved_tck'
Slack : 0.538
TNS   : 0.000

Type  : Fast 1200mV 0C Model Removal 'clock_50_1'
Slack : 2.800
TNS   : 0.000

Type  : Fast 1200mV 0C Model Minimum Pulse Width 'amm_master_inst|pcie_ip|altgx_internal|amm_master_qsys_with_pcie_pcie_ip_altgx_internal_alt_c3gxb_6ni8_component|transmit_pcs0|hiptxclkout'
Slack : 2.000
TNS   : 0.000

Type  : Fast 1200mV 0C Model Minimum Pulse Width 'amm_master_inst|pcie_ip|altgx_internal|amm_master_qsys_with_pcie_pcie_ip_altgx_internal_alt_c3gxb_6ni8_component|transmit_pma0|clockout'
Slack : 2.000
TNS   : 0.000

Type  : Fast 1200mV 0C Model Minimum Pulse Width 'amm_master_inst|pcie_ip|pcie_internal_hip|cyclone_iii.cycloneiv_hssi_pcie_hip|coreclkout'
Slack : 3.681
TNS   : 0.000

Type  : Fast 1200mV 0C Model Minimum Pulse Width 'amm_master_inst|pcie_ip|pcie_internal_hip|cyclone_iii.cycloneiv_hssi_pcie_hip|pclkch0'
Slack : 3.994
TNS   : 0.000

Type  : Fast 1200mV 0C Model Minimum Pulse Width 'pcie_ref_clk'
Slack : 4.989
TNS   : 0.000

Type  : Fast 1200mV 0C Model Minimum Pulse Width 'clock_50_1'
Slack : 9.417
TNS   : 0.000

Type  : Fast 1200mV 0C Model Minimum Pulse Width 'altera_reserved_tck'
Slack : 49.418
TNS   : 0.000

------------------------------------------------------------
